(Union
(Cube (Vec3 1 1 1) false)
(Trans (Vec3 1 2 3)
  (Rotate (Vec3 90 59.999953729744036 29.999982919691146)
    (Scale (Vec3 4 5 6)
      (Cube (Vec3 1 1 1) false)))))